// Jest Snapshot v1, https://goo.gl/fbAQLP

exports[`UuJokesCore.Joke.JokeDetail default props 1`] = `
<div>
  Visual Component 
  UuJokesCore.Joke.Detail
   says Hello World!
</div>
`;
